  .byte $1
  .byte $1
  .byte $1
  .byte $1
  .byte $1
  .byte $2
  .byte $2
  .byte $3
  .byte $4
  .byte $3
  .byte $2
  .byte $5
  .byte $6
  .byte $2
  .byte $2
  .byte $7
  .byte $1
  .byte $1
  .byte $1
  .byte $1
  .byte $1
  .byte $1
  .byte $1
  .byte $1
  .byte $1
  .byte $1
  .byte $8
  .byte $2
  .byte $9
  .byte $a
  .byte $2
  .byte $2
  .byte $5
  .byte $b
  .byte $c
  .byte $d
  .byte $e
  .byte $1
  .byte $1
  .byte $1
  .byte $1
  .byte $1
  .byte $1
  .byte $1
  .byte $1
  .byte $1
  .byte $1
  .byte $f
  .byte $6
  .byte $10
  .byte $a
  .byte $11
  .byte $12
  .byte $5
  .byte $a
  .byte $c
  .byte $d
  .byte $e
  .byte $1
  .byte $1
  .byte $1
  .byte $1
  .byte $1
  .byte $1
  .byte $1
  .byte $1
  .byte $1
  .byte $1
  .byte $13
  .byte $14
  .byte $15
  .byte $16
  .byte $17
  .byte $18
  .byte $19
  .byte $1a
  .byte $1b
  .byte $1c
  .byte $1d
  .byte $1
  .byte $1
  .byte $1
  .byte $1
  .byte $1
  .byte $1
  .byte $1
  .byte $1
  .byte $1
  .byte $1
  .byte $1
  .byte $1
  .byte $1
  .byte $1
  .byte $1
  .byte $1
  .byte $1
  .byte $1
  .byte $1
  .byte $1
  .byte $1
  .byte $1
  .byte $1
  .byte $1
  .byte $1
  .byte $1
  .byte $1
  .byte $1e
  .byte $2
  .byte $1f
  .byte $61
  .byte $2
  .byte $2
  .byte $2
  .byte $62
  .byte $2
  .byte $2
  .byte $63
  .byte $2
  .byte $64
  .byte $65
  .byte $66
  .byte $67
  .byte $68
  .byte $69
  .byte $1
  .byte $1
  .byte $1
  .byte $6a
  .byte $2
  .byte $6b
  .byte $6c
  .byte $6d
  .byte $6e
  .byte $d
  .byte $6f
  .byte $70
  .byte $71
  .byte $72
  .byte $2
  .byte $73
  .byte $74
  .byte $75
  .byte $76
  .byte $77
  .byte $78
  .byte $1
  .byte $1
  .byte $1
  .byte $6a
  .byte $2
  .byte $79
  .byte $7a
  .byte $7f
  .byte $6e
  .byte $d
  .byte $80
  .byte $81
  .byte $82
  .byte $83
  .byte $2
  .byte $2
  .byte $84
  .byte $85
  .byte $64
  .byte $2
  .byte $86
  .byte $1
  .byte $1
  .byte $1
  .byte $87
  .byte $88
  .byte $1c
  .byte $89
  .byte $18
  .byte $8a
  .byte $1c
  .byte $8b
  .byte $8c
  .byte $8d
  .byte $8e
  .byte $8a
  .byte $1c
  .byte $8f
  .byte $90
  .byte $91
  .byte $92
  .byte $93
  .byte $1
  .byte $1
  .byte $1
  .byte $1
  .byte $1
  .byte $1
  .byte $1
  .byte $1
  .byte $1
  .byte $1
  .byte $1
  .byte $1
  .byte $1
  .byte $1
  .byte $1
  .byte $1
  .byte $1
  .byte $1
  .byte $1
  .byte $1
  .byte $1
  .byte $1
  .byte $1
  .byte $94
  .byte $7
  .byte $f
  .byte $2
  .byte $2
  .byte $2
  .byte $1
  .byte $1
  .byte $95
  .byte $1
  .byte $66
  .byte $67
  .byte $96
  .byte $97
  .byte $2
  .byte $2
  .byte $5
  .byte $6
  .byte $2
  .byte $2
  .byte $7
  .byte $7f
  .byte $7
  .byte $f
  .byte $98
  .byte $99
  .byte $d
  .byte $1
  .byte $9a
  .byte $2
  .byte $9b
  .byte $9c
  .byte $2
  .byte $9d
  .byte $9e
  .byte $2
  .byte $2
  .byte $9f
  .byte $b
  .byte $c
  .byte $d
  .byte $e
  .byte $7f
  .byte $a0
  .byte $a1
  .byte $6
  .byte $99
  .byte $d
  .byte $a2
  .byte $a3
  .byte $a4
  .byte $a5
  .byte $a6
  .byte $2
  .byte $2
  .byte $a7
  .byte $a8
  .byte $2
  .byte $a9
  .byte $a
  .byte $c
  .byte $d
  .byte $e
  .byte $aa
  .byte $1c
  .byte $ab
  .byte $ac
  .byte $1c
  .byte $1c
  .byte $ad
  .byte $1c
  .byte $ae
  .byte $af
  .byte $b0
  .byte $b1
  .byte $1c
  .byte $b2
  .byte $b3
  .byte $b4
  .byte $b5
  .byte $1a
  .byte $1b
  .byte $1c
  .byte $1d
